{"resourceSpans":[{"resource":{"attributes":[{"key":"deployment.environment","value":{"stringValue":"unknown"}},{"key":"service.name","value":{"stringValue":"error_otel_test"}},{"key":"service.version","value":{"stringValue":"non-deployment"}}]},"scopeSpans":[{"scope":{"name":"opentelemetry-otlp","version":"0.14.0"},"spans":[{"traceId":"b862b0674b431fb177907d7ea995af77","spanId":"1193076f200212f2","parentSpanId":"19215874478fcaf1","name":"sample_add_err","kind":1,"startTimeUnixNano":"1732623878185787312","endTimeUnixNano":"1732623878185902567","attributes":[{"key":"code.filepath","value":{"stringValue":"src/tests/original_test_case.rs"}},{"key":"code.namespace","value":{"stringValue":"integ_test::tests::original_test_case"}},{"key":"code.lineno","value":{"intValue":"10"}},{"key":"thread.id","value":{"intValue":"2"}},{"key":"thread.name","value":{"stringValue":"tests::original_test_case::error_otel_test"}},{"key":"a","value":{"stringValue":"10"}},{"key":"b","value":{"stringValue":"20"}},{"key":"busy_ns","value":{"intValue":"85861"}},{"key":"idle_ns","value":{"intValue":"49352"}}],"events":[{"timeUnixNano":"1732623878185881528","name":"exception","attributes":[{"key":"level","value":{"stringValue":"ERROR"}},{"key":"target","value":{"stringValue":"integ_test::tests::original_test_case"}},{"key":"exception.message","value":{"stringValue":"some error at sample_add_err"}},{"key":"code.filepath","value":{"stringValue":"src/tests/original_test_case.rs"}},{"key":"code.namespace","value":{"stringValue":"integ_test::tests::original_test_case"}},{"key":"code.lineno","value":{"intValue":"10"}}]}],"status":{"message":"some error at sample_add_err","code":2}}],"schemaUrl":"https://opentelemetry.io/schemas/1.21.0"}],"schemaUrl":"https://opentelemetry.io/schemas/1.21.0"}]}
{"resourceSpans":[{"resource":{"attributes":[{"key":"deployment.environment","value":{"stringValue":"unknown"}},{"key":"service.name","value":{"stringValue":"error_otel_test"}},{"key":"service.version","value":{"stringValue":"non-deployment"}}]},"scopeSpans":[{"scope":{"name":"opentelemetry-otlp","version":"0.14.0"},"spans":[{"traceId":"b862b0674b431fb177907d7ea995af77","spanId":"19215874478fcaf1","parentSpanId":"","name":"error_otel_test","kind":1,"startTimeUnixNano":"1732623877185263940","endTimeUnixNano":"1732623878185980593","attributes":[{"key":"code.filepath","value":{"stringValue":"src/tests/original_test_case.rs"}},{"key":"code.namespace","value":{"stringValue":"integ_test::tests::original_test_case"}},{"key":"code.lineno","value":{"intValue":"44"}},{"key":"thread.id","value":{"intValue":"2"}},{"key":"thread.name","value":{"stringValue":"tests::original_test_case::error_otel_test"}},{"key":"busy_ns","value":{"intValue":"315959"}},{"key":"idle_ns","value":{"intValue":"1000421192"}}],"status":{}}],"schemaUrl":"https://opentelemetry.io/schemas/1.21.0"}],"schemaUrl":"https://opentelemetry.io/schemas/1.21.0"}]}
