{"resourceSpans":[{"resource":{"attributes":[{"key":"deployment.environment","value":{"stringValue":"unknown"}},{"key":"service.version","value":{"stringValue":"non-deployment"}},{"key":"service.name","value":{"stringValue":"failed_otel_test"}}]},"scopeSpans":[{"scope":{"name":"opentelemetry-otlp","version":"0.14.0"},"spans":[{"traceId":"64b2f0ccb4e1002d5c71a09228da2073","spanId":"cd3ba83831982fdc","parentSpanId":"b0f35c03dea6eb8b","name":"sample_add_err","kind":1,"startTimeUnixNano":"1732627270193099207","endTimeUnixNano":"1732627270193379400","attributes":[{"key":"code.filepath","value":{"stringValue":"src/tests/original_test_case.rs"}},{"key":"code.namespace","value":{"stringValue":"integ_test::tests::original_test_case"}},{"key":"code.lineno","value":{"intValue":"10"}},{"key":"thread.id","value":{"intValue":"2"}},{"key":"thread.name","value":{"stringValue":"tests::original_test_case::failed_otel_test"}},{"key":"a","value":{"stringValue":"10"}},{"key":"b","value":{"stringValue":"20"}},{"key":"busy_ns","value":{"intValue":"248233"}},{"key":"idle_ns","value":{"intValue":"49382"}}],"events":[{"timeUnixNano":"1732627270193352499","name":"exception","attributes":[{"key":"level","value":{"stringValue":"ERROR"}},{"key":"target","value":{"stringValue":"integ_test::tests::original_test_case"}},{"key":"exception.message","value":{"stringValue":"some error at sample_add_err"}},{"key":"code.filepath","value":{"stringValue":"src/tests/original_test_case.rs"}},{"key":"code.namespace","value":{"stringValue":"integ_test::tests::original_test_case"}},{"key":"code.lineno","value":{"intValue":"10"}}]}],"status":{"message":"some error at sample_add_err","code":2}}],"schemaUrl":"https://opentelemetry.io/schemas/1.21.0"}],"schemaUrl":"https://opentelemetry.io/schemas/1.21.0"}]}
{"resourceSpans":[{"resource":{"attributes":[{"key":"deployment.environment","value":{"stringValue":"unknown"}},{"key":"service.version","value":{"stringValue":"non-deployment"}},{"key":"service.name","value":{"stringValue":"failed_otel_test"}}]},"scopeSpans":[{"scope":{"name":"opentelemetry-otlp","version":"0.14.0"},"spans":[{"traceId":"64b2f0ccb4e1002d5c71a09228da2073","spanId":"b0f35c03dea6eb8b","parentSpanId":"","name":"failed_otel_test","kind":1,"startTimeUnixNano":"1732627269191263849","endTimeUnixNano":"1732627270193509502","attributes":[{"key":"code.filepath","value":{"stringValue":"src/tests/original_test_case.rs"}},{"key":"code.namespace","value":{"stringValue":"integ_test::tests::original_test_case"}},{"key":"code.lineno","value":{"intValue":"27"}},{"key":"thread.id","value":{"intValue":"2"}},{"key":"thread.name","value":{"stringValue":"tests::original_test_case::failed_otel_test"}},{"key":"busy_ns","value":{"intValue":"539156"}},{"key":"idle_ns","value":{"intValue":"1001714973"}}],"events":[{"timeUnixNano":"1732627270193457175","name":"panic occurred: panicked at src/tests/original_test_case.rs:38:5:\nassertion `left == right` failed\n  left: 30\n right: 0","attributes":[{"key":"level","value":{"stringValue":"ERROR"}},{"key":"target","value":{"stringValue":"cores"}},{"key":"code.filepath","value":{"stringValue":"/home/takuyamoriyama/all/products/otel-test-sample/otel-util/cores/src/lib.rs"}},{"key":"code.namespace","value":{"stringValue":"cores"}},{"key":"code.lineno","value":{"intValue":"149"}}]}],"status":{"code":2}}],"schemaUrl":"https://opentelemetry.io/schemas/1.21.0"}],"schemaUrl":"https://opentelemetry.io/schemas/1.21.0"}]}
