{"resourceSpans":[{"resource":{"attributes":[{"key":"service.version","value":{"stringValue":"non-deployment"}},{"key":"deployment.environment","value":{"stringValue":"unknown"}},{"key":"service.name","value":{"stringValue":"panic_otel_test"}}]},"scopeSpans":[{"scope":{"name":"opentelemetry-otlp","version":"0.14.0"},"spans":[{"traceId":"83a66f9c9384de847e713be81676c7a9","spanId":"9eedcb86738c90b5","parentSpanId":"442e78cbb90a896a","name":"sample_add_panic","kind":1,"startTimeUnixNano":"1732627221644530599","endTimeUnixNano":"1732627221644759206","attributes":[{"key":"code.filepath","value":{"stringValue":"src/tests/original_test_case.rs"}},{"key":"code.namespace","value":{"stringValue":"integ_test::tests::original_test_case"}},{"key":"code.lineno","value":{"intValue":"15"}},{"key":"thread.id","value":{"intValue":"2"}},{"key":"thread.name","value":{"stringValue":"tests::original_test_case::panic_otel_test"}},{"key":"a","value":{"stringValue":"10"}},{"key":"b","value":{"stringValue":"20"}},{"key":"busy_ns","value":{"intValue":"194863"}},{"key":"idle_ns","value":{"intValue":"51607"}}],"events":[{"timeUnixNano":"1732627221644629344","name":"panic occurred: panicked at src/tests/original_test_case.rs:17:5:\nsome panic at sample_add_panic","attributes":[{"key":"level","value":{"stringValue":"ERROR"}},{"key":"target","value":{"stringValue":"cores"}},{"key":"code.filepath","value":{"stringValue":"/home/takuyamoriyama/all/products/otel-test-sample/otel-util/cores/src/lib.rs"}},{"key":"code.namespace","value":{"stringValue":"cores"}},{"key":"code.lineno","value":{"intValue":"149"}}]}],"status":{"code":2}}],"schemaUrl":"https://opentelemetry.io/schemas/1.21.0"}],"schemaUrl":"https://opentelemetry.io/schemas/1.21.0"}]}
{"resourceSpans":[{"resource":{"attributes":[{"key":"service.version","value":{"stringValue":"non-deployment"}},{"key":"deployment.environment","value":{"stringValue":"unknown"}},{"key":"service.name","value":{"stringValue":"panic_otel_test"}}]},"scopeSpans":[{"scope":{"name":"opentelemetry-otlp","version":"0.14.0"},"spans":[{"traceId":"83a66f9c9384de847e713be81676c7a9","spanId":"442e78cbb90a896a","parentSpanId":"","name":"panic_otel_test","kind":1,"startTimeUnixNano":"1732627220642969428","endTimeUnixNano":"1732627221644833555","attributes":[{"key":"code.filepath","value":{"stringValue":"src/tests/original_test_case.rs"}},{"key":"code.namespace","value":{"stringValue":"integ_test::tests::original_test_case"}},{"key":"code.lineno","value":{"intValue":"61"}},{"key":"thread.id","value":{"intValue":"2"}},{"key":"thread.name","value":{"stringValue":"tests::original_test_case::panic_otel_test"}},{"key":"busy_ns","value":{"intValue":"430482"}},{"key":"idle_ns","value":{"intValue":"1001434867"}}],"status":{}}],"schemaUrl":"https://opentelemetry.io/schemas/1.21.0"}],"schemaUrl":"https://opentelemetry.io/schemas/1.21.0"}]}
