{"resourceSpans":[{"resource":{"attributes":[{"key":"deployment.environment","value":{"stringValue":"unknown"}},{"key":"service.version","value":{"stringValue":"non-deployment"}},{"key":"service.name","value":{"stringValue":"succeed_otel_test"}}]},"scopeSpans":[{"scope":{"name":"opentelemetry-otlp","version":"0.14.0"},"spans":[{"traceId":"8404d478334b2a161c508835b4dbcc6a","spanId":"df5d5927dfc09785","parentSpanId":"8441220ef8523fe3","name":"sample_add","kind":1,"startTimeUnixNano":"1732627216667121477","endTimeUnixNano":"1732627216667171791","attributes":[{"key":"code.filepath","value":{"stringValue":"src/tests/original_test_case.rs"}},{"key":"code.namespace","value":{"stringValue":"integ_test::tests::original_test_case"}},{"key":"code.lineno","value":{"intValue":"5"}},{"key":"thread.id","value":{"intValue":"2"}},{"key":"thread.name","value":{"stringValue":"tests::original_test_case::succeed_otel_test"}},{"key":"a","value":{"stringValue":"10"}},{"key":"b","value":{"stringValue":"20"}},{"key":"busy_ns","value":{"intValue":"10259"}},{"key":"idle_ns","value":{"intValue":"51196"}}],"status":{}}],"schemaUrl":"https://opentelemetry.io/schemas/1.21.0"}],"schemaUrl":"https://opentelemetry.io/schemas/1.21.0"}]}
{"resourceSpans":[{"resource":{"attributes":[{"key":"deployment.environment","value":{"stringValue":"unknown"}},{"key":"service.version","value":{"stringValue":"non-deployment"}},{"key":"service.name","value":{"stringValue":"succeed_otel_test"}}]},"scopeSpans":[{"scope":{"name":"opentelemetry-otlp","version":"0.14.0"},"spans":[{"traceId":"8404d478334b2a161c508835b4dbcc6a","spanId":"8441220ef8523fe3","parentSpanId":"","name":"succeed_otel_test","kind":1,"startTimeUnixNano":"1732627215666428848","endTimeUnixNano":"1732627216667249085","attributes":[{"key":"code.filepath","value":{"stringValue":"src/tests/original_test_case.rs"}},{"key":"code.namespace","value":{"stringValue":"integ_test::tests::original_test_case"}},{"key":"code.lineno","value":{"intValue":"75"}},{"key":"thread.id","value":{"intValue":"2"}},{"key":"thread.name","value":{"stringValue":"tests::original_test_case::succeed_otel_test"}},{"key":"busy_ns","value":{"intValue":"253544"}},{"key":"idle_ns","value":{"intValue":"1000568536"}}],"status":{}}],"schemaUrl":"https://opentelemetry.io/schemas/1.21.0"}],"schemaUrl":"https://opentelemetry.io/schemas/1.21.0"}]}
